// Jest Snapshot v1, https://goo.gl/fbAQLP

exports[`<MapDimensions> renders correctly 1`] = `
<Connect(MapDimensions)>
  <styled.div
    onClick={[Function]}
  >
    <div
      className="sc-cLQEGU hhjOvE"
      onClick={[Function]}
    >
      12
       x 
      10
    </div>
  </styled.div>
</Connect(MapDimensions)>
`;
